// Vitest Snapshot v1, https://vitest.dev/guide/snapshot.html

exports[`Repository Card > Render component 1`] = `
{
  "asFragment": [Function],
  "baseElement": <body>
    <div>
      <a
        class="block h-full w-full"
        href="https://github.com/ValentinOsvaldo/08-sockets"
        rel="noopener noreferrer"
        target="_blank"
      >
        <div
          class="rounded-lg border bg-card text-card-foreground shadow-sm relative flex flex-col justify-between cursor-pointer h-full w-full"
        >
          <div
            class="flex flex-col space-y-1.5 p-6"
          >
            <h3
              class="text-2xl font-semibold leading-none tracking-tight"
            >
              08-sockets
            </h3>
            <p
              class="text-sm text-muted-foreground"
            />
          </div>
          <div
            class="p-6 pt-0"
          >
            <div
              class="mb-2 text-muted-foreground"
            >
              NodeJs Course by Fernando Herrera, 
            </div>
            <div
              class="flex flex-row gap-2"
            >
              <div
                class="inline-flex items-center rounded-full border px-2.5 py-0.5 text-xs font-semibold transition-colors focus:outline-none focus:ring-2 focus:ring-ring focus:ring-offset-2 border-transparent bg-primary text-primary-foreground hover:bg-primary/80"
              >
                JavaScript
              </div>
            </div>
          </div>
          <div
            class="items-center p-6 pt-0 flex flex-row gap-2 text-muted-foreground"
          >
            <div
              class="flex items-center flex-row gap-2"
            >
              <svg
                class="lucide lucide-git-branch w-4 h-4"
                fill="none"
                height="24"
                stroke="currentColor"
                stroke-linecap="round"
                stroke-linejoin="round"
                stroke-width="2"
                viewBox="0 0 24 24"
                width="24"
                xmlns="http://www.w3.org/2000/svg"
              >
                <line
                  x1="6"
                  x2="6"
                  y1="3"
                  y2="15"
                />
                <circle
                  cx="18"
                  cy="6"
                  r="3"
                />
                <circle
                  cx="6"
                  cy="18"
                  r="3"
                />
                <path
                  d="M18 9a9 9 0 0 1-9 9"
                />
              </svg>
              0
            </div>
            <div
              class="flex items-center flex-row gap-2"
            >
              <svg
                class="lucide lucide-star w-4 h-4"
                fill="none"
                height="24"
                stroke="currentColor"
                stroke-linecap="round"
                stroke-linejoin="round"
                stroke-width="2"
                viewBox="0 0 24 24"
                width="24"
                xmlns="http://www.w3.org/2000/svg"
              >
                <path
                  d="M11.525 2.295a.53.53 0 0 1 .95 0l2.31 4.679a2.123 2.123 0 0 0 1.595 1.16l5.166.756a.53.53 0 0 1 .294.904l-3.736 3.638a2.123 2.123 0 0 0-.611 1.878l.882 5.14a.53.53 0 0 1-.771.56l-4.618-2.428a2.122 2.122 0 0 0-1.973 0L6.396 21.01a.53.53 0 0 1-.77-.56l.881-5.139a2.122 2.122 0 0 0-.611-1.879L2.16 9.795a.53.53 0 0 1 .294-.906l5.165-.755a2.122 2.122 0 0 0 1.597-1.16z"
                />
              </svg>
              0
            </div>
            <div>
              Sat Apr 08 2023
            </div>
          </div>
        </div>
      </a>
    </div>
  </body>,
  "container": <div>
    <a
      class="block h-full w-full"
      href="https://github.com/ValentinOsvaldo/08-sockets"
      rel="noopener noreferrer"
      target="_blank"
    >
      <div
        class="rounded-lg border bg-card text-card-foreground shadow-sm relative flex flex-col justify-between cursor-pointer h-full w-full"
      >
        <div
          class="flex flex-col space-y-1.5 p-6"
        >
          <h3
            class="text-2xl font-semibold leading-none tracking-tight"
          >
            08-sockets
          </h3>
          <p
            class="text-sm text-muted-foreground"
          />
        </div>
        <div
          class="p-6 pt-0"
        >
          <div
            class="mb-2 text-muted-foreground"
          >
            NodeJs Course by Fernando Herrera, 
          </div>
          <div
            class="flex flex-row gap-2"
          >
            <div
              class="inline-flex items-center rounded-full border px-2.5 py-0.5 text-xs font-semibold transition-colors focus:outline-none focus:ring-2 focus:ring-ring focus:ring-offset-2 border-transparent bg-primary text-primary-foreground hover:bg-primary/80"
            >
              JavaScript
            </div>
          </div>
        </div>
        <div
          class="items-center p-6 pt-0 flex flex-row gap-2 text-muted-foreground"
        >
          <div
            class="flex items-center flex-row gap-2"
          >
            <svg
              class="lucide lucide-git-branch w-4 h-4"
              fill="none"
              height="24"
              stroke="currentColor"
              stroke-linecap="round"
              stroke-linejoin="round"
              stroke-width="2"
              viewBox="0 0 24 24"
              width="24"
              xmlns="http://www.w3.org/2000/svg"
            >
              <line
                x1="6"
                x2="6"
                y1="3"
                y2="15"
              />
              <circle
                cx="18"
                cy="6"
                r="3"
              />
              <circle
                cx="6"
                cy="18"
                r="3"
              />
              <path
                d="M18 9a9 9 0 0 1-9 9"
              />
            </svg>
            0
          </div>
          <div
            class="flex items-center flex-row gap-2"
          >
            <svg
              class="lucide lucide-star w-4 h-4"
              fill="none"
              height="24"
              stroke="currentColor"
              stroke-linecap="round"
              stroke-linejoin="round"
              stroke-width="2"
              viewBox="0 0 24 24"
              width="24"
              xmlns="http://www.w3.org/2000/svg"
            >
              <path
                d="M11.525 2.295a.53.53 0 0 1 .95 0l2.31 4.679a2.123 2.123 0 0 0 1.595 1.16l5.166.756a.53.53 0 0 1 .294.904l-3.736 3.638a2.123 2.123 0 0 0-.611 1.878l.882 5.14a.53.53 0 0 1-.771.56l-4.618-2.428a2.122 2.122 0 0 0-1.973 0L6.396 21.01a.53.53 0 0 1-.77-.56l.881-5.139a2.122 2.122 0 0 0-.611-1.879L2.16 9.795a.53.53 0 0 1 .294-.906l5.165-.755a2.122 2.122 0 0 0 1.597-1.16z"
              />
            </svg>
            0
          </div>
          <div>
            Sat Apr 08 2023
          </div>
        </div>
      </div>
    </a>
  </div>,
  "debug": [Function],
  "findAllByAltText": [Function],
  "findAllByDisplayValue": [Function],
  "findAllByLabelText": [Function],
  "findAllByPlaceholderText": [Function],
  "findAllByRole": [Function],
  "findAllByTestId": [Function],
  "findAllByText": [Function],
  "findAllByTitle": [Function],
  "findByAltText": [Function],
  "findByDisplayValue": [Function],
  "findByLabelText": [Function],
  "findByPlaceholderText": [Function],
  "findByRole": [Function],
  "findByTestId": [Function],
  "findByText": [Function],
  "findByTitle": [Function],
  "getAllByAltText": [Function],
  "getAllByDisplayValue": [Function],
  "getAllByLabelText": [Function],
  "getAllByPlaceholderText": [Function],
  "getAllByRole": [Function],
  "getAllByTestId": [Function],
  "getAllByText": [Function],
  "getAllByTitle": [Function],
  "getByAltText": [Function],
  "getByDisplayValue": [Function],
  "getByLabelText": [Function],
  "getByPlaceholderText": [Function],
  "getByRole": [Function],
  "getByTestId": [Function],
  "getByText": [Function],
  "getByTitle": [Function],
  "queryAllByAltText": [Function],
  "queryAllByDisplayValue": [Function],
  "queryAllByLabelText": [Function],
  "queryAllByPlaceholderText": [Function],
  "queryAllByRole": [Function],
  "queryAllByTestId": [Function],
  "queryAllByText": [Function],
  "queryAllByTitle": [Function],
  "queryByAltText": [Function],
  "queryByDisplayValue": [Function],
  "queryByLabelText": [Function],
  "queryByPlaceholderText": [Function],
  "queryByRole": [Function],
  "queryByTestId": [Function],
  "queryByText": [Function],
  "queryByTitle": [Function],
  "rerender": [Function],
  "unmount": [Function],
}
`;
